   ▲ Next.js 15.4.2
   - Environments: .env.local

   Creating an optimized production build ...
 ✓ Compiled successfully in 15.0s
   Linting and checking validity of types ...

./app/(auth)/login/page.tsx
45:6  Warning: React Hook useEffect has missing dependencies: 'router' and 'updateSession'. Either include them or remove the dependency array.  react-hooks/exhaustive-deps

./app/(auth)/register/page.tsx
46:6  Warning: React Hook useEffect has missing dependencies: 'router' and 'updateSession'. Either include them or remove the dependency array.  react-hooks/exhaustive-deps

./components/app-sidebar.tsx
62:11  Warning: Classname 'placeholder-gray-400' should be updated to 'placeholder:text-gray-400' in Tailwind CSS v3!  tailwindcss/migration-from-tailwind-2

./components/chat.tsx
140:16  Warning: Classnames 'mt-2, mb-2' could be replaced by the 'my-2' shorthand!  tailwindcss/enforces-shorthand

./components/header.tsx
17:39  Warning: Caution: `React` also has a named export `useState`. Check if you meant to write `import {useState} from 'react'` instead.  import/no-named-as-default-member
18:41  Warning: Caution: `React` also has a named export `useState`. Check if you meant to write `import {useState} from 'react'` instead.  import/no-named-as-default-member
20:5  Warning: Caution: `React` also has a named export `useEffect`. Check if you meant to write `import {useEffect} from 'react'` instead.  import/no-named-as-default-member

./components/hero-section.tsx
195:26  Warning: Classnames 'pb-16, pt-16' could be replaced by the 'py-16' shorthand!  tailwindcss/enforces-shorthand
208:33  Warning: Using `<img>` could result in slower LCP and higher bandwidth. Consider using `<Image />` from `next/image` to automatically optimize images. This may incur additional usage or cost from your provider. See: https://nextjs.org/docs/messages/no-img-element  @next/next/no-img-element
218:33  Warning: Using `<img>` could result in slower LCP and higher bandwidth. Consider using `<Image />` from `next/image` to automatically optimize images. This may incur additional usage or cost from your provider. See: https://nextjs.org/docs/messages/no-img-element  @next/next/no-img-element
227:33  Warning: Using `<img>` could result in slower LCP and higher bandwidth. Consider using `<Image />` from `next/image` to automatically optimize images. This may incur additional usage or cost from your provider. See: https://nextjs.org/docs/messages/no-img-element  @next/next/no-img-element
236:33  Warning: Using `<img>` could result in slower LCP and higher bandwidth. Consider using `<Image />` from `next/image` to automatically optimize images. This may incur additional usage or cost from your provider. See: https://nextjs.org/docs/messages/no-img-element  @next/next/no-img-element
245:33  Warning: Using `<img>` could result in slower LCP and higher bandwidth. Consider using `<Image />` from `next/image` to automatically optimize images. This may incur additional usage or cost from your provider. See: https://nextjs.org/docs/messages/no-img-element  @next/next/no-img-element
254:33  Warning: Using `<img>` could result in slower LCP and higher bandwidth. Consider using `<Image />` from `next/image` to automatically optimize images. This may incur additional usage or cost from your provider. See: https://nextjs.org/docs/messages/no-img-element  @next/next/no-img-element
263:33  Warning: Using `<img>` could result in slower LCP and higher bandwidth. Consider using `<Image />` from `next/image` to automatically optimize images. This may incur additional usage or cost from your provider. See: https://nextjs.org/docs/messages/no-img-element  @next/next/no-img-element
273:33  Warning: Using `<img>` could result in slower LCP and higher bandwidth. Consider using `<Image />` from `next/image` to automatically optimize images. This may incur additional usage or cost from your provider. See: https://nextjs.org/docs/messages/no-img-element  @next/next/no-img-element

./components/multimodal-input.tsx
231:26  Warning: Classnames 'w-4, h-4' could be replaced by the 'size-4' shorthand!  tailwindcss/enforces-shorthand

info  - Need to disable some ESLint rules? Learn more here: https://nextjs.org/docs/app/api-reference/config/eslint#disabling-rules
   Collecting page data ...
[AggregateError: ] { code: 'ECONNREFUSED' }
[AggregateError: ] { code: 'ECONNREFUSED' }
   Generating static pages (0/17) ...
   Generating static pages (4/17) 
   Generating static pages (8/17) 
   Generating static pages (12/17) 
 ✓ Generating static pages (17/17)
[AggregateError: ] { code: 'ECONNREFUSED' }
   Finalizing page optimization ...
   Collecting build traces ...

Route (app)                                 Size  First Load JS
┌ ƒ /                                      152 B         703 kB
├ ○ /_not-found                            989 B         101 kB
├ ƒ /api/auth/[...nextauth]                147 B         101 kB
├ ƒ /api/auth/guest                        147 B         101 kB
├ ƒ /api/chat                              147 B         101 kB
├ ƒ /api/chat/[id]/stream                  147 B         101 kB
├ ƒ /api/document                          147 B         101 kB
├ ƒ /api/files/upload                      147 B         101 kB
├ ƒ /api/history                           147 B         101 kB
├ ƒ /api/memory                            147 B         101 kB
├ ƒ /api/suggestions                       147 B         101 kB
├ ƒ /api/vote                              147 B         101 kB
├ ƒ /chat/[id]                             152 B         703 kB
├ ○ /login                               3.04 kB         137 kB
├ ○ /opengraph-image-12cog0.png              0 B            0 B
├ ○ /register                            3.06 kB         137 kB
└ ○ /twitter-image-12cog0.png                0 B            0 B
+ First Load JS shared by all             100 kB
  ├ chunks/280-aca0a7e0854485c3.js       44.3 kB
  ├ chunks/2ae3f372-b0a2e6da6a88c48f.js  54.1 kB
  └ other shared chunks (total)          1.95 kB


ƒ Middleware                              104 kB

○  (Static)   prerendered as static content
ƒ  (Dynamic)  server-rendered on demand

